Release 14.7 - xst P.20131013 (lin64)
Copyright (c) 1995-2013 Xilinx, Inc.  All rights reserved.
--> 
Parameter TMPDIR set to xst/projnav.tmp


Total REAL time to Xst completion: 2.00 secs
Total CPU time to Xst completion: 0.08 secs
 
--> 
Parameter xsthdpdir set to xst


Total REAL time to Xst completion: 2.00 secs
Total CPU time to Xst completion: 0.08 secs
 
--> 
Reading design: lcd.prj

TABLE OF CONTENTS
  1) Synthesis Options Summary
  2) HDL Compilation
  3) Design Hierarchy Analysis
  4) HDL Analysis
  5) HDL Synthesis
     5.1) HDL Synthesis Report
  6) Advanced HDL Synthesis
     6.1) Advanced HDL Synthesis Report
  7) Low Level Synthesis
  8) Partition Report
  9) Final Report
	9.1) Device utilization summary
	9.2) Partition Resource Summary
	9.3) TIMING REPORT


=========================================================================
*                      Synthesis Options Summary                        *
=========================================================================
---- Source Parameters
Input File Name                    : "lcd.prj"
Input Format                       : mixed
Ignore Synthesis Constraint File   : NO

---- Target Parameters
Output File Name                   : "lcd"
Output Format                      : NGC
Target Device                      : xc3s700an-5-fgg484

---- Source Options
Top Module Name                    : lcd
Automatic FSM Extraction           : YES
FSM Encoding Algorithm             : Auto
Safe Implementation                : No
FSM Style                          : LUT
RAM Extraction                     : Yes
RAM Style                          : Auto
ROM Extraction                     : Yes
Mux Style                          : Auto
Decoder Extraction                 : YES
Priority Encoder Extraction        : Yes
Shift Register Extraction          : YES
Logical Shifter Extraction         : YES
XOR Collapsing                     : YES
ROM Style                          : Auto
Mux Extraction                     : Yes
Resource Sharing                   : YES
Asynchronous To Synchronous        : NO
Multiplier Style                   : Auto
Automatic Register Balancing       : No

---- Target Options
Add IO Buffers                     : YES
Global Maximum Fanout              : 500
Add Generic Clock Buffer(BUFG)     : 24
Register Duplication               : YES
Slice Packing                      : YES
Optimize Instantiated Primitives   : NO
Use Clock Enable                   : Yes
Use Synchronous Set                : Yes
Use Synchronous Reset              : Yes
Pack IO Registers into IOBs        : Auto
Equivalent register Removal        : YES

---- General Options
Optimization Goal                  : Speed
Optimization Effort                : 1
Keep Hierarchy                     : No
Netlist Hierarchy                  : As_Optimized
RTL Output                         : Yes
Global Optimization                : AllClockNets
Read Cores                         : YES
Write Timing Constraints           : NO
Cross Clock Analysis               : NO
Hierarchy Separator                : /
Bus Delimiter                      : <>
Case Specifier                     : Maintain
Slice Utilization Ratio            : 100
BRAM Utilization Ratio             : 100
Verilog 2001                       : YES
Auto BRAM Packing                  : NO
Slice Utilization Ratio Delta      : 5

=========================================================================


=========================================================================
*                          HDL Compilation                              *
=========================================================================
Compiling vhdl file "/home/sd/Downloads/Forca-em-vhdl-master/lcd.vhd" in Library work.
Architecture behavioral of Entity lcd is up to date.

=========================================================================
*                     Design Hierarchy Analysis                         *
=========================================================================
Analyzing hierarchy for entity <lcd> in library <work> (architecture <behavioral>).


=========================================================================
*                            HDL Analysis                               *
=========================================================================
Analyzing Entity <lcd> in library <work> (Architecture <behavioral>).
Entity <lcd> analyzed. Unit <lcd> generated.


=========================================================================
*                           HDL Synthesis                               *
=========================================================================

Performing bidirectional port resolution...

Synthesizing Unit <lcd>.
    Related source file is "/home/sd/Downloads/Forca-em-vhdl-master/lcd.vhd".
WARNING:Xst:1781 - Signal <LCD_CMDS> is used but never assigned. Tied to default value.
    Found finite state machine <FSM_0> for signal <stCurW>.
    -----------------------------------------------------------------------
    | States             | 3                                              |
    | Transitions        | 4                                              |
    | Inputs             | 1                                              |
    | Outputs            | 1                                              |
    | Clock              | OneUSClk                  (rising_edge)        |
    | Reset              | rst                       (positive)           |
    | Reset type         | synchronous                                    |
    | Reset State        | stidle                                         |
    | Power Up State     | stidle                                         |
    | Encoding           | automatic                                      |
    | Implementation     | LUT                                            |
    -----------------------------------------------------------------------
    Using one-hot encoding for signal <stCur>.
    Using one-hot encoding for signal <stNext>.
    Found 24x10-bit ROM for signal <RS$varindex0000> created at line 214.
    Found 6-bit up counter for signal <clkCount>.
    Found 17-bit up counter for signal <count>.
    Found 5-bit up counter for signal <lcd_cmd_ptr>.
    Found 10-bit register for signal <stCur>.
    Summary:
	inferred   1 Finite State Machine(s).
	inferred   1 ROM(s).
	inferred   3 Counter(s).
	inferred  10 D-type flip-flop(s).
Unit <lcd> synthesized.


=========================================================================
HDL Synthesis Report

Macro Statistics
# ROMs                                                 : 1
 24x10-bit ROM                                         : 1
# Counters                                             : 3
 17-bit up counter                                     : 1
 5-bit up counter                                      : 1
 6-bit up counter                                      : 1
# Registers                                            : 1
 10-bit register                                       : 1

=========================================================================

=========================================================================
*                       Advanced HDL Synthesis                          *
=========================================================================

Analyzing FSM <FSM_0> for best encoding.
Optimizing FSM <stCurW/FSM> on signal <stCurW[1:2]> with user encoding.
----------------------
 State    | Encoding
----------------------
 strw     | 00
 stenable | 01
 stidle   | 10
----------------------

=========================================================================
Advanced HDL Synthesis Report

Macro Statistics
# FSMs                                                 : 1
# ROMs                                                 : 1
 24x10-bit ROM                                         : 1
# Counters                                             : 3
 17-bit up counter                                     : 1
 5-bit up counter                                      : 1
 6-bit up counter                                      : 1
# Registers                                            : 10
 Flip-Flops                                            : 10

=========================================================================

=========================================================================
*                         Low Level Synthesis                           *
=========================================================================

Optimizing unit <lcd> ...

Mapping all equations...
Building and optimizing final netlist ...
Found area constraint ratio of 100 (+ 5) on block lcd, actual ratio is 0.

Final Macro Processing ...

=========================================================================
Final Register Report

Macro Statistics
# Registers                                            : 40
 Flip-Flops                                            : 40

=========================================================================

=========================================================================
*                           Partition Report                            *
=========================================================================

Partition Implementation Status
-------------------------------

  No Partitions were found in this design.

-------------------------------

=========================================================================
*                            Final Report                               *
=========================================================================
Final Results
RTL Top Level Output File Name     : lcd.ngr
Top Level Output File Name         : lcd
Output Format                      : NGC
Optimization Goal                  : Speed
Keep Hierarchy                     : No

Design Statistics
# IOs                              : 13

Cell Usage :
# BELS                             : 117
#      GND                         : 1
#      INV                         : 2
#      LUT1                        : 16
#      LUT2                        : 6
#      LUT2_L                      : 1
#      LUT3                        : 10
#      LUT3_D                      : 1
#      LUT3_L                      : 2
#      LUT4                        : 35
#      LUT4_L                      : 2
#      MUXCY                       : 16
#      MUXF5                       : 7
#      VCC                         : 1
#      XORCY                       : 17
# FlipFlops/Latches                : 40
#      FD                          : 5
#      FDR                         : 24
#      FDRE                        : 5
#      FDRSE                       : 4
#      FDS                         : 1
#      FDSE                        : 1
# Clock Buffers                    : 2
#      BUFG                        : 1
#      BUFGP                       : 1
# IO Buffers                       : 12
#      IBUF                        : 1
#      OBUF                        : 11
=========================================================================

Device utilization summary:
---------------------------

Selected Device : 3s700anfgg484-5 

 Number of Slices:                       39  out of   5888     0%  
 Number of Slice Flip Flops:             40  out of  11776     0%  
 Number of 4 input LUTs:                 75  out of  11776     0%  
 Number of IOs:                          13
 Number of bonded IOBs:                  13  out of    372     3%  
 Number of GCLKs:                         2  out of     24     8%  

---------------------------
Partition Resource Summary:
---------------------------

  No Partitions were found in this design.

---------------------------


=========================================================================
TIMING REPORT

NOTE: THESE TIMING NUMBERS ARE ONLY A SYNTHESIS ESTIMATE.
      FOR ACCURATE TIMING INFORMATION PLEASE REFER TO THE TRACE REPORT
      GENERATED AFTER PLACE-and-ROUTE.

Clock Information:
------------------
-----------------------------------+------------------------+-------+
Clock Signal                       | Clock buffer(FF name)  | Load  |
-----------------------------------+------------------------+-------+
clkCount_51                        | BUFG                   | 34    |
CLK                                | BUFGP                  | 6     |
-----------------------------------+------------------------+-------+

Asynchronous Control Signals Information:
----------------------------------------
No asynchronous control signals found in this design

Timing Summary:
---------------
Speed Grade: -5

   Minimum period: 7.258ns (Maximum Frequency: 137.780MHz)
   Minimum input arrival time before clock: 2.076ns
   Maximum output required time after clock: 7.839ns
   Maximum combinational path delay: No path found

Timing Detail:
--------------
All values displayed in nanoseconds (ns)

=========================================================================
Timing constraint: Default period analysis for Clock 'clkCount_51'
  Clock period: 7.258ns (frequency: 137.780MHz)
  Total number of paths / destination ports: 2189 / 65
-------------------------------------------------------------------------
Delay:               7.258ns (Levels of Logic = 5)
  Source:            count_6 (FF)
  Destination:       lcd_cmd_ptr_0 (FF)
  Source Clock:      clkCount_51 rising
  Destination Clock: clkCount_51 rising

  Data Path: count_6 to lcd_cmd_ptr_0
                                Gate     Net
    Cell:in->out      fanout   Delay   Delay  Logical Name (Net Name)
    ----------------------------------------  ------------
     FDR:C->Q              4   0.495   0.607  count_6 (count_6)
     LUT4:I0->O            1   0.561   0.423  delayOK_or000022 (delayOK_or000022)
     LUT4:I1->O            1   0.562   0.359  delayOK_or000059 (delayOK_or000059)
     LUT4:I3->O            4   0.561   0.522  delayOK_or000090 (delayOK_or000090)
     LUT3:I2->O           25   0.561   1.073  delayOK_or0000193 (delayOK)
     LUT4:I3->O            5   0.561   0.538  lcd_cmd_ptr_and000047 (lcd_cmd_ptr_and0000)
     FDRE:R                    0.435          lcd_cmd_ptr_0
    ----------------------------------------
    Total                      7.258ns (3.736ns logic, 3.522ns route)
                                       (51.5% logic, 48.5% route)

=========================================================================
Timing constraint: Default period analysis for Clock 'CLK'
  Clock period: 2.868ns (frequency: 348.687MHz)
  Total number of paths / destination ports: 21 / 6
-------------------------------------------------------------------------
Delay:               2.868ns (Levels of Logic = 2)
  Source:            clkCount_1 (FF)
  Destination:       clkCount_4 (FF)
  Source Clock:      CLK rising
  Destination Clock: CLK rising

  Data Path: clkCount_1 to clkCount_4
                                Gate     Net
    Cell:in->out      fanout   Delay   Delay  Logical Name (Net Name)
    ----------------------------------------  ------------
     FD:C->Q               4   0.495   0.607  clkCount_1 (clkCount_1)
     LUT4:I0->O            2   0.561   0.446  Result<4>11 (Result<4>_bdd0)
     LUT2:I1->O            1   0.562   0.000  Result<4>2 (Result<4>)
     FD:D                      0.197          clkCount_4
    ----------------------------------------
    Total                      2.868ns (1.815ns logic, 1.053ns route)
                                       (63.3% logic, 36.7% route)

=========================================================================
Timing constraint: Default OFFSET IN BEFORE for Clock 'clkCount_51'
  Total number of paths / destination ports: 12 / 12
-------------------------------------------------------------------------
Offset:              2.076ns (Levels of Logic = 1)
  Source:            rst (PAD)
  Destination:       stCurW_FSM_FFd1 (FF)
  Destination Clock: clkCount_51 rising

  Data Path: rst to stCurW_FSM_FFd1
                                Gate     Net
    Cell:in->out      fanout   Delay   Delay  Logical Name (Net Name)
    ----------------------------------------  ------------
     IBUF:I->O            12   0.824   0.817  rst_IBUF (rst_IBUF)
     FDS:S                     0.435          stCurW_FSM_FFd1
    ----------------------------------------
    Total                      2.076ns (1.259ns logic, 0.817ns route)
                                       (60.6% logic, 39.4% route)

=========================================================================
Timing constraint: Default OFFSET OUT AFTER for Clock 'clkCount_51'
  Total number of paths / destination ports: 69 / 9
-------------------------------------------------------------------------
Offset:              7.839ns (Levels of Logic = 3)
  Source:            lcd_cmd_ptr_0 (FF)
  Destination:       RS (PAD)
  Source Clock:      clkCount_51 rising

  Data Path: lcd_cmd_ptr_0 to RS
                                Gate     Net
    Cell:in->out      fanout   Delay   Delay  Logical Name (Net Name)
    ----------------------------------------  ------------
     FDRE:C->Q            18   0.495   1.016  lcd_cmd_ptr_0 (lcd_cmd_ptr_0)
     LUT3_D:I0->O          3   0.561   0.453  Mrom_RS_varindex0000511 (N2)
     LUT4:I3->O            1   0.561   0.357  Mrom_RS_varindex000091 (RS_OBUF)
     OBUF:I->O                 4.396          RS_OBUF (RS)
    ----------------------------------------
    Total                      7.839ns (6.013ns logic, 1.826ns route)
                                       (76.7% logic, 23.3% route)

=========================================================================


Total REAL time to Xst completion: 9.00 secs
Total CPU time to Xst completion: 6.00 secs
 
--> 


Total memory usage is 609848 kilobytes

Number of errors   :    0 (   0 filtered)
Number of warnings :    1 (   0 filtered)
Number of infos    :    0 (   0 filtered)

